app/api/routes-d/credit/validate/route.ts(19,7): error TS2353: Object literal may only specify known properties, and 'required_error' does not exist in type '{ error?: string | $ZodErrorMap<$ZodIssueInvalidType<unknown>> | undefined; message?: string | undefined; }'.
app/api/routes-d/kyc/submit/route.ts(172,17): error TS2353: Object literal may only specify known properties, and 'stellarAddress' does not exist in type 'WalletSelect<DefaultArgs>'.
app/api/routes-d/kyc/submit/route.ts(175,18): error TS2339: Property 'stellarAddress' does not exist on type '{ id: string; createdAt: Date; userId: string; address: string; }'.
app/api/routes-d/kyc/submit/route.ts(182,35): error TS2339: Property 'stellarAddress' does not exist on type '{ id: string; createdAt: Date; userId: string; address: string; }'.
lib/soroban.ts(9,25): error TS2307: Cannot find module '@stellar/js-stellar-sdk' or its corresponding type declarations.
lib/soroban.ts(310,32): error TS2737: BigInt literals are not available when targeting lower than ES2020.
lib/soroban.ts(351,32): error TS2737: BigInt literals are not available when targeting lower than ES2020.
lib/stellar-funding.ts(585,26): error TS2339: Property 'fee_charged' does not exist on type 'SubmitTransactionResponse'.
lib/stellar.ts(467,11): error TS2322: Type 'number' is not assignable to type 'AuthFlag | undefined'.
lib/stellar.ts(468,13): error TS2708: Cannot use namespace 'StellarAuthFlag' as a value.
lib/stellar.ts(469,13): error TS2708: Cannot use namespace 'StellarAuthFlag' as a value.
lib/stellar.ts(470,13): error TS2708: Cannot use namespace 'StellarAuthFlag' as a value.
lib/stellar.ts(720,19): error TS2339: Property 'from' does not exist on type 'PaymentOperationRecord | CreateAccountOperationRecord | AccountMergeOperationRecord | PathPaymentOperationRecord | PathPaymentStrictSendOperationRecord | InvokeHostFunctionOperationRecord'.
  Property 'from' does not exist on type 'CreateAccountOperationRecord'.
lib/stellar.ts(721,17): error TS2339: Property 'to' does not exist on type 'PaymentOperationRecord | CreateAccountOperationRecord | AccountMergeOperationRecord | PathPaymentOperationRecord | PathPaymentStrictSendOperationRecord | InvokeHostFunctionOperationRecord'.
  Property 'to' does not exist on type 'CreateAccountOperationRecord'.
lib/stellar.ts(722,21): error TS2339: Property 'amount' does not exist on type 'PaymentOperationRecord | CreateAccountOperationRecord | AccountMergeOperationRecord | PathPaymentOperationRecord | PathPaymentStrictSendOperationRecord | InvokeHostFunctionOperationRecord'.
  Property 'amount' does not exist on type 'CreateAccountOperationRecord'.
lib/stellar.ts(723,25): error TS2339: Property 'asset_code' does not exist on type 'PaymentOperationRecord | CreateAccountOperationRecord | AccountMergeOperationRecord | PathPaymentOperationRecord | PathPaymentStrictSendOperationRecord | InvokeHostFunctionOperationRecord'.
  Property 'asset_code' does not exist on type 'CreateAccountOperationRecord'.
lib/stellar.ts(724,25): error TS2339: Property 'asset_type' does not exist on type 'PaymentOperationRecord | CreateAccountOperationRecord | AccountMergeOperationRecord | PathPaymentOperationRecord | PathPaymentStrictSendOperationRecord | InvokeHostFunctionOperationRecord'.
  Property 'asset_type' does not exist on type 'CreateAccountOperationRecord'.
tests/lib/authorization.test.ts(65,7): error TS2322: Type '{ invoiceId: string; subContractorId: string; }' is not assignable to type '(Without<InvoiceCollaboratorCreateInput, InvoiceCollaboratorUncheckedCreateInput> & InvoiceCollaboratorUncheckedCreateInput) | (Without<...> & InvoiceCollaboratorCreateInput)'.
  Type '{ invoiceId: string; subContractorId: string; }' is not assignable to type 'Without<InvoiceCollaboratorCreateInput, InvoiceCollaboratorUncheckedCreateInput> & InvoiceCollaboratorUncheckedCreateInput'.
    Property 'sharePercentage' is missing in type '{ invoiceId: string; subContractorId: string; }' but required in type 'InvoiceCollaboratorUncheckedCreateInput'.
tests/lib/claimable-balances.test.ts(41,82): error TS2345: Argument of type '{ hash: string; }' is not assignable to parameter of type 'SubmitTransactionResponse'.
  Type '{ hash: string; }' is missing the following properties from type 'SubmitTransactionResponse': ledger, successful, envelope_xdr, result_xdr, and 2 more.
tests/lib/claimable-balances.test.ts(106,72): error TS2345: Argument of type '{ hash: string; }' is not assignable to parameter of type 'SubmitTransactionResponse'.
  Type '{ hash: string; }' is missing the following properties from type 'SubmitTransactionResponse': ledger, successful, envelope_xdr, result_xdr, and 2 more.
